labuser@labuser-virtual-machine:~$ git --version
git version 2.34.1
labuser@labuser-virtual-machine:~$ ^C
labuser@labuser-virtual-machine:~$ mkdir test1
labuser@labuser-virtual-machine:~$ cd test1
labuser@labuser-virtual-machine:~/test1$ git init
hint: Using 'master' as the name for the initial branch. This default branch name
hint: is subject to change. To configure the initial branch name to use in all
hint: of your new repositories, which will suppress this warning, call:
hint: 
hint: 	git config --global init.defaultBranch <name>
hint: 
hint: Names commonly chosen instead of 'master' are 'main', 'trunk' and
hint: 'development'. The just-created branch can be renamed via this command:
hint: 
hint: 	git branch -m <name>
Initialized empty Git repository in /home/labuser/test1/.git/
labuser@labuser-virtual-machine:~/test1$ git init
Reinitialized existing Git repository in /home/labuser/test1/.git/
labuser@labuser-virtual-machine:~/test1$ echo "test1" > test1
labuser@labuser-virtual-machine:~/test1$ git status
On branch master

No commits yet

Untracked files:
  (use "git add <file>..." to include in what will be committed)
	test1

nothing added to commit but untracked files present (use "git add" to track)
labuser@labuser-virtual-machine:~/test1$ git add
Nothing specified, nothing added.
hint: Maybe you wanted to say 'git add .'?
hint: Turn this message off by running
hint: "git config advice.addEmptyPathspec false"
labuser@labuser-virtual-machine:~/test1$ git add .
labuser@labuser-virtual-machine:~/test1$ git commit -m "change1"
[master (root-commit) 81ccf19] change1
 1 file changed, 1 insertion(+)
 create mode 100644 test1
labuser@labuser-virtual-machine:~/test1$ git remote add origin https://github.com/anupagdk/anupakn-0209.git
labuser@labuser-virtual-machine:~/test1$ git remote -v
origin	https://github.com/anupagdk/anupakn-0209.git (fetch)
origin	https://github.com/anupagdk/anupakn-0209.git (push)
labuser@labuser-virtual-machine:~/test1$ git push -u origin master
Username for 'https://github.com': anupagdk
Password for 'https://anupagdk@github.com': 
remote: Invalid username or password.
fatal: Authentication failed for 'https://github.com/anupagdk/anupakn-0209.git/'
labuser@labuser-virtual-machine:~/test1$ git push -u origin master
Username for 'https://github.com': anupagdk
Password for 'https://anupagdk@github.com': 
remote: Permission to anupagdk/anupakn-0209.git denied to anupagdk.
fatal: unable to access 'https://github.com/anupagdk/anupakn-0209.git/': The requested URL returned error: 403
labuser@labuser-virtual-machine:~/test1$ git push -u origin master
Username for 'https://github.com': anupagdk
Password for 'https://anupagdk@github.com': 
remote: Invalid username or password.
fatal: Authentication failed for 'https://github.com/anupagdk/anupakn-0209.git/'
labuser@labuser-virtual-machine:~/test1$ git push -u origin master
Username for 'https://github.com': anupagdk
Password for 'https://anupagdk@github.com': 
remote: Permission to anupagdk/anupakn-0209.git denied to anupagdk.
fatal: unable to access 'https://github.com/anupagdk/anupakn-0209.git/': The requested URL returned error: 403
labuser@labuser-virtual-machine:~/test1$ git push -u origin master
Username for 'https://github.com': anupagdk
Password for 'https://anupagdk@github.com': 
Enumerating objects: 3, done.
Counting objects: 100% (3/3), done.
Writing objects: 100% (3/3), 222 bytes | 222.00 KiB/s, done.
Total 3 (delta 0), reused 0 (delta 0), pack-reused 0
To https://github.com/anupagdk/anupakn-0209.git
 * [new branch]      master -> master
Branch 'master' set up to track remote branch 'master' from 'origin'.
labuser@labuser-virtual-machine:~/test1$ ls test1
test1
labuser@labuser-virtual-machine:~/test1$ nano test1
labuser@labuser-virtual-machine:~/test1$ git add .
labuser@labuser-virtual-machine:~/test1$ git commit -m "change2"
[master 2e6a584] change2
 1 file changed, 1 insertion(+), 1 deletion(-)
labuser@labuser-virtual-machine:~/test1$ git push -u origin master
Username for 'https://github.com': anupagdk
Password for 'https://anupagdk@github.com': 
remote: Invalid username or password.
fatal: Authentication failed for 'https://github.com/anupagdk/anupakn-0209.git/'
labuser@labuser-virtual-machine:~/test1$ git push -u origin master
Username for 'https://github.com': anupagdk
Password for 'https://anupagdk@github.com': 
Enumerating objects: 5, done.
Counting objects: 100% (5/5), done.
Writing objects: 100% (3/3), 250 bytes | 250.00 KiB/s, done.
Total 3 (delta 0), reused 0 (delta 0), pack-reused 0
To https://github.com/anupagdk/anupakn-0209.git
   81ccf19..2e6a584  master -> master
Branch 'master' set up to track remote branch 'master' from 'origin'.
labuser@labuser-virtual-machine:~/test1$ nano test1
labuser@labuser-virtual-machine:~/test1$ git add .
labuser@labuser-virtual-machine:~/test1$ git commit -m "change2"
[master 8a1d710] change2
 1 file changed, 1 insertion(+)
labuser@labuser-virtual-machine:~/test1$ git push -u origin master
Username for 'https://github.com': anupagdk
Password for 'https://anupagdk@github.com': 
Enumerating objects: 5, done.
Counting objects: 100% (5/5), done.
Writing objects: 100% (3/3), 252 bytes | 252.00 KiB/s, done.
Total 3 (delta 0), reused 0 (delta 0), pack-reused 0
To https://github.com/anupagdk/anupakn-0209.git
   2e6a584..8a1d710  master -> master
Branch 'master' set up to track remote branch 'master' from 'origin'.
labuser@labuser-virtual-machine:~/test1$ git branch
* master
labuser@labuser-virtual-machine:~/test1$ git branch devops1
labuser@labuser-virtual-machine:~/test1$ git checkout devops1
Switched to branch 'devops1'
labuser@labuser-virtual-machine:~/test1$ git branch
* devops1
  master
labuser@labuser-virtual-machine:~/test1$ echo "test3" > file1
labuser@labuser-virtual-machine:~/test1$ echo "test4" > file2
labuser@labuser-virtual-machine:~/test1$ ls -li
total 12
6162008 -rw-rw-r-- 1 labuser labuser 6 Dec 14 06:15 file1
6162049 -rw-rw-r-- 1 labuser labuser 6 Dec 14 06:16 file2
6162010 -rw-rw-r-- 1 labuser labuser 7 Dec 14 06:09 test1
labuser@labuser-virtual-machine:~/test1$ ls -li
total 12
6162008 -rw-rw-r-- 1 labuser labuser 6 Dec 14 06:15 file1
6162049 -rw-rw-r-- 1 labuser labuser 6 Dec 14 06:16 file2
6162010 -rw-rw-r-- 1 labuser labuser 7 Dec 14 06:09 test1
labuser@labuser-virtual-machine:~/test1$ git add
Nothing specified, nothing added.
hint: Maybe you wanted to say 'git add .'?
hint: Turn this message off by running
hint: "git config advice.addEmptyPathspec false"
labuser@labuser-virtual-machine:~/test1$ git add .
labuser@labuser-virtual-machine:~/test1$ git commit -m "change4"
[devops1 773f7f8] change4
 2 files changed, 2 insertions(+)
 create mode 100644 file1
 create mode 100644 file2
labuser@labuser-virtual-machine:~/test1$ git push -u origin devops1
Username for 'https://github.com': anupagdk
Password for 'https://anupagdk@github.com': 
Enumerating objects: 5, done.
Counting objects: 100% (5/5), done.
Delta compression using up to 4 threads
Compressing objects: 100% (2/2), done.
Writing objects: 100% (4/4), 321 bytes | 321.00 KiB/s, done.
Total 4 (delta 0), reused 0 (delta 0), pack-reused 0
remote: 
remote: Create a pull request for 'devops1' on GitHub by visiting:
remote:      https://github.com/anupagdk/anupakn-0209/pull/new/devops1
remote: 
To https://github.com/anupagdk/anupakn-0209.git
 * [new branch]      devops1 -> devops1
Branch 'devops1' set up to track remote branch 'devops1' from 'origin'.
labuser@labuser-virtual-machine:~/test1$ git branch
* devops1
  master
labuser@labuser-virtual-machine:~/test1$ git checkout master switched to branch 'master'
error: pathspec 'switched' did not match any file(s) known to git
error: pathspec 'to' did not match any file(s) known to git
error: pathspec 'branch' did not match any file(s) known to git
error: pathspec 'master' did not match any file(s) known to git
labuser@labuser-virtual-machine:~/test1$ git checkout master
Switched to branch 'master'
Your branch is up to date with 'origin/master'.
labuser@labuser-virtual-machine:~/test1$ git merge devops1
Updating 8a1d710..773f7f8
Fast-forward
 file1 | 1 +
 file2 | 1 +
 2 files changed, 2 insertions(+)
 create mode 100644 file1
 create mode 100644 file2
labuser@labuser-virtual-machine:~/test1$ git log -p
commit 773f7f8a0e6663ef07bbe3d9e29c287287aaadf3 (HEAD -> master, origin/devops1, devops1)
Author: David Robichaud <david.robichaud@skillsoft.com>
Date:   Sat Dec 14 06:17:32 2024 -0500

    change4

diff --git a/file1 b/file1
new file mode 100644
index 0000000..df6b0d2
--- /dev/null
+++ b/file1
@@ -0,0 +1 @@
+test3
diff --git a/file2 b/file2
new file mode 100644
index 0000000..d234c5e
--- /dev/null
+++ b/file2
@@ -0,0 +1 @@
+test4

commit 8a1d7104729d4e8f61e665695a7ab9d1ae1597ed (origin/master)
Author: David Robichaud <david.robichaud@skillsoft.com>
Date:   Sat Dec 14 06:10:25 2024 -0500

    change2

diff --git a/test1 b/test1
index 180cf83..4a19b05 100644
--- a/test1
+++ b/test1
@@ -1 +1,2 @@
 test2
+

commit 2e6a58461e4ef241cbcbd9753a91e82c45469820
Author: David Robichaud <david.robichaud@skillsoft.com>
Date:   Sat Dec 14 05:57:19 2024 -0500

    change2

diff --git a/test1 b/test1
index a5bce3f..180cf83 100644
--- a/test1
+++ b/test1
@@ -1 +1 @@
-test1
+test2

commit 81ccf1918a0266287730220462b7a02db439a5fe
Author: David Robichaud <david.robichaud@skillsoft.com>
Date:   Sat Dec 14 04:25:24 2024 -0500

    change1

diff --git a/test1 b/test1
new file mode 100644
index 0000000..a5bce3f
--- /dev/null
+++ b/test1
@@ -0,0 +1 @@
+test1
labuser@labuser-virtual-machine:~/test1$ git log --oneline
773f7f8 (HEAD -> master, origin/devops1, devops1) change4
8a1d710 (origin/master) change2
2e6a584 change2
81ccf19 change1
labuser@labuser-virtual-machine:~/test1$ cd
labuser@labuser-virtual-machine:~$ git clone https://github.com/anupagdk/anupakn-0209.git
Cloning into 'anupakn-0209'...
remote: Enumerating objects: 13, done.
remote: Counting objects: 100% (13/13), done.
remote: Compressing objects: 100% (5/5), done.
remote: Total 13 (delta 0), reused 13 (delta 0), pack-reused 0 (from 0)
Receiving objects: 100% (13/13), done.
labuser@labuser-virtual-machine:~$ ls -li
total 52
6029751 drwxrwxr-x 3 labuser labuser 4096 Dec 14 06:29 anupakn-0209
6029410 drwxr-xr-x 2 labuser labuser 4096 Sep 12  2023 Desktop
6029414 drwxr-xr-x 3 labuser labuser 4096 Dec 15  2023 Documents
6029411 drwxr-xr-x 2 labuser labuser 4096 Dec 18  2023 Downloads
6036475 -rw-rw-r-- 1 labuser labuser   53 Dec 18  2023 execute.yml
6029415 drwxr-xr-x 2 labuser labuser 4096 Sep 12  2023 Music
6029416 drwxr-xr-x 2 labuser labuser 4096 Sep 12  2023 Pictures
6029413 drwxr-xr-x 2 labuser labuser 4096 Sep 12  2023 Public
6030259 drwxrwxr-x 2 labuser labuser 4096 Dec 18  2023 repos
6029322 drwx------ 6 labuser labuser 4096 Dec 15  2023 snap
6029412 drwxr-xr-x 2 labuser labuser 4096 Sep 12  2023 Templates
6161981 drwxrwxr-x 3 labuser labuser 4096 Dec 14 06:23 test1
6029418 drwxr-xr-x 2 labuser labuser 4096 Sep 12  2023 Videos
labuser@labuser-virtual-machine:~$ ls
anupakn-0209  Documents  execute.yml  Pictures  repos  Templates  Videos
Desktop       Downloads  Music        Public    snap   test1
labuser@labuser-virtual-machine:~$ cd labtest1
bash: cd: labtest1: No such file or directory
labuser@labuser-virtual-machine:~$ ls -li
total 52
6029751 drwxrwxr-x 3 labuser labuser 4096 Dec 14 06:29 anupakn-0209
6029410 drwxr-xr-x 2 labuser labuser 4096 Sep 12  2023 Desktop
6029414 drwxr-xr-x 3 labuser labuser 4096 Dec 15  2023 Documents
6029411 drwxr-xr-x 2 labuser labuser 4096 Dec 18  2023 Downloads
6036475 -rw-rw-r-- 1 labuser labuser   53 Dec 18  2023 execute.yml
6029415 drwxr-xr-x 2 labuser labuser 4096 Sep 12  2023 Music
6029416 drwxr-xr-x 2 labuser labuser 4096 Sep 12  2023 Pictures
6029413 drwxr-xr-x 2 labuser labuser 4096 Sep 12  2023 Public
6030259 drwxrwxr-x 2 labuser labuser 4096 Dec 18  2023 repos
6029322 drwx------ 6 labuser labuser 4096 Dec 15  2023 snap
6029412 drwxr-xr-x 2 labuser labuser 4096 Sep 12  2023 Templates
6161981 drwxrwxr-x 3 labuser labuser 4096 Dec 14 06:23 test1
6029418 drwxr-xr-x 2 labuser labuser 4096 Sep 12  2023 Videos
labuser@labuser-virtual-machine:~$ cd labtest1
bash: cd: labtest1: No such file or directory
labuser@labuser-virtual-machine:~$ cd anupakn-0209
labuser@labuser-virtual-machine:~/anupakn-0209$ ls
test1
labuser@labuser-virtual-machine:~/anupakn-0209$ mkdir dev1
labuser@labuser-virtual-machine:~/anupakn-0209$ cd dev1
labuser@labuser-virtual-machine:~/anupakn-0209/dev1$ git pull
Already up to date.
labuser@labuser-virtual-machine:~/anupakn-0209/dev1$ git pull https://github.com/anupagdk/anupakn-0209.git
From https://github.com/anupagdk/anupakn-0209
 * branch            HEAD       -> FETCH_HEAD
Already up to date.
labuser@labuser-virtual-machine:~/anupakn-0209/dev1$ git remote -v
origin	https://github.com/anupagdk/anupakn-0209.git (fetch)
origin	https://github.com/anupagdk/anupakn-0209.git (push)
labuser@labuser-virtual-machine:~/anupakn-0209/dev1$ git pull https://github.com/anupagdk/anupakn-0209.git master
From https://github.com/anupagdk/anupakn-0209
 * branch            master     -> FETCH_HEAD
Already up to date.
labuser@labuser-virtual-machine:~/anupakn-0209/dev1$ git branch
* master
labuser@labuser-virtual-machine:~/anupakn-0209/dev1$ ls - li
ls: cannot access '-': No such file or directory
ls: cannot access 'li': No such file or directory
labuser@labuser-virtual-machine:~/anupakn-0209/dev1$ ls -li
total 0
labuser@labuser-virtual-machine:~/anupakn-0209/dev1$ git branch m1
labuser@labuser-virtual-machine:~/anupakn-0209/dev1$ git checkout m1
Switched to branch 'm1'
labuser@labuser-virtual-machine:~/anupakn-0209/dev1$ echo "apple1" >fruit
labuser@labuser-virtual-machine:~/anupakn-0209/dev1$ ls
fruit
labuser@labuser-virtual-machine:~/anupakn-0209/dev1$ git checkout m1
Already on 'm1'
labuser@labuser-virtual-machine:~/anupakn-0209/dev1$ ls
fruit
labuser@labuser-virtual-machine:~/anupakn-0209/dev1$ git rebase master
Current branch m1 is up to date.


